#### 服务器状态查看

#### 内存
```bash
[root@centos /]# free -h
              total        used        free      shared  buff/cache   available
Mem:           972M        506M         97M         17M        368M        268M
Swap:          2.0G        269M        1.7G
```

#### 磁盘空间
```bash
root@hw-dmy:~# df -h
Filesystem      Size  Used Avail Use% Mounted on
udev            948M     0  948M   0% /dev
tmpfs           199M  1.1M  198M   1% /run
/dev/vda1        40G  7.2G   30G  20% /
tmpfs           992M     0  992M   0% /dev/shm
tmpfs           5.0M  4.0K  5.0M   1% /run/lock
tmpfs           992M     0  992M   0% /sys/fs/cgroup
/dev/loop5       64M   64M     0 100% /snap/core20/1695
/dev/loop6       45M   45M     0 100% /snap/certbot/2539
/dev/loop2      117M  117M     0 100% /snap/core/14399
tmpfs           199M     0  199M   0% /run/user/0
/dev/loop0       64M   64M     0 100% /snap/core20/1738
/dev/loop3       45M   45M     0 100% /snap/certbot/2582
```

#### 开机时间
```bash
root@hw-dmy:~# uptime
 17:32:53 up 36 days, 44 min,  5 users,  load average: 0.00, 0.00, 0.00
```

#### top面板信息查看
top相当于一个实时的汇总机器信息的面板，会整合cpu、内存、进程等等的信息，动态展示。

```bash
root@hw-dmy:~# top
top - 17:34:48 up 36 days, 46 min,  5 users,  load average: 0.00, 0.00, 0.00
Tasks: 107 total,   1 running, 106 sleeping,   0 stopped,   0 zombie
%Cpu(s):  0.0 us,  0.0 sy,  0.0 ni,100.0 id,  0.0 wa,  0.0 hi,  0.0 si,  0.0 st
MiB Mem :   1982.9 total,    179.9 free,    278.1 used,   1524.9 buff/cache
MiB Swap:      0.0 total,      0.0 free,      0.0 used.   1539.9 avail Mem

    PID USER      PR  NI    VIRT    RES    SHR S  %CPU  %MEM     TIME+ COMMAND
    593 root      20   0   18580   2944   2388 S   0.3   0.1  20:01.71 wrapper
    646 root      20   0 1945336  60404  18224 S   0.3   3.0  48:54.39 java
   1147 root      20   0   37380   4992   4348 S   0.3   0.2   5:01.01 hostguard
 148224 root      20   0       0      0      0 I   0.3   0.0   0:24.75 kworker/0:3-events
 168005 root      20   0       0      0      0 I   0.3   0.0   0:00.01 kworker/u2:0-events_unbound
      1 root      20   0  103208  12924   8468 S   0.0   0.6   0:20.46 systemd
      2 root      20   0       0      0      0 S   0.0   0.0   0:00.04 kthreadd
      3 root       0 -20       0      0      0 I   0.0   0.0   0:00.00 rcu_gp
      4 root       0 -20       0      0      0 I   0.0   0.0   0:00.00 rcu_par_gp
      6 root       0 -20       0      0      0 I   0.0   0.0   0:00.00 kworker/0:0H-kbl
```

top运行起来后,此时有几个常用的操作：
1. 按下`M`（shift + m)，按内存使用降序排列
2. 按下`P`(shift + P),按cpu降序排列
3. 按下`1`,展示详细cpu(多核展开)
4. 按下`q`退出

含义解析
```
top - 17:34:48        当前时间
up 36 days, 46 min    开机多久
5 users               有五个登录用户
load average: 0.00, 0.00, 0.00  过去1、5、15分钟，负载情况（等待运行进程数，大于1表示繁忙）

Tasks: 107 total,   1 running, 106 sleeping,   0 stopped,   0 zombie  进程数情况 正在运行 睡眠 停止 zombie-僵尸进程

%Cpu(s): 
0.0 us 用户进程使用cpu时间占比
0.0 sy 系统进程使用cpu时间占比
0.0 ni niceness-友善进程使用cpu时间占比
100.0 id cpu空闲时间占比
0.0 wa   wait cpu多少时间用于等待io

Mem 内存使用情况
Swap 交换空间使用情况
```

#### 单独查看某个进程
```bash
root@hw-dmy:~# top -p 330
top - 17:40:16 up 36 days, 51 min,  5 users,  load average: 0.00, 0.00, 0.00
Tasks:   1 total,   0 running,   1 sleeping,   0 stopped,   0 zombie
%Cpu(s):  0.0 us,  0.3 sy,  0.0 ni, 99.7 id,  0.0 wa,  0.0 hi,  0.0 si,  0.0 st
MiB Mem :   1982.9 total,    180.4 free,    277.7 used,   1524.9 buff/cache
MiB Swap:      0.0 total,      0.0 free,      0.0 used.   1540.4 avail Mem

    PID USER      PR  NI    VIRT    RES    SHR S  %CPU  %MEM     TIME+ COMMAND
    330 root      19  -1  220208 151880 150720 S   0.0   7.5   0:20.43 systemd-journal
```

#### htop
top的升级版本,优点：
1. 它可以是彩色的，更好看
2. 它支持用鼠标点击
3. 可以支持自定义展示哪些栏目
4. 支持直接在面板杀死进程

#### glances
比htop更好用，它是一个python写的系统信息采集器；
我们需要安装`apt install glances`
然后直接glances使用
1. 它可以支持搭建一个web,然后在后台查看系统状态
2. 也支持c/s模式


